Archive member included because of file (symbol)

/home/john/pebble-dev/PebbleSDK-2.9/Pebble/lib/libpebble.a(tmpycZPtxpebble.o)
                              src/feature_menu_layer.c.13.o (app_event_loop)

Discarded input sections

 .text          0x0000000000000000        0x0 /home/john/pebble-dev/PebbleSDK-2.9/arm-cs-tools/bin/../lib/gcc/arm-none-eabi/4.7.2/thumb2/crti.o
 .bss           0x0000000000000000        0x0 /home/john/pebble-dev/PebbleSDK-2.9/arm-cs-tools/bin/../lib/gcc/arm-none-eabi/4.7.2/thumb2/crti.o
 .init          0x0000000000000000        0x4 /home/john/pebble-dev/PebbleSDK-2.9/arm-cs-tools/bin/../lib/gcc/arm-none-eabi/4.7.2/thumb2/crti.o
 .fini          0x0000000000000000        0x4 /home/john/pebble-dev/PebbleSDK-2.9/arm-cs-tools/bin/../lib/gcc/arm-none-eabi/4.7.2/thumb2/crti.o
 .text          0x0000000000000000       0xc8 /home/john/pebble-dev/PebbleSDK-2.9/arm-cs-tools/bin/../lib/gcc/arm-none-eabi/4.7.2/thumb2/crtbegin.o
 .bss           0x0000000000000000       0x1c /home/john/pebble-dev/PebbleSDK-2.9/arm-cs-tools/bin/../lib/gcc/arm-none-eabi/4.7.2/thumb2/crtbegin.o
 .init_array    0x0000000000000000        0x4 /home/john/pebble-dev/PebbleSDK-2.9/arm-cs-tools/bin/../lib/gcc/arm-none-eabi/4.7.2/thumb2/crtbegin.o
 .fini_array    0x0000000000000000        0x4 /home/john/pebble-dev/PebbleSDK-2.9/arm-cs-tools/bin/../lib/gcc/arm-none-eabi/4.7.2/thumb2/crtbegin.o
 .eh_frame      0x0000000000000000        0x0 /home/john/pebble-dev/PebbleSDK-2.9/arm-cs-tools/bin/../lib/gcc/arm-none-eabi/4.7.2/thumb2/crtbegin.o
 .jcr           0x0000000000000000        0x0 /home/john/pebble-dev/PebbleSDK-2.9/arm-cs-tools/bin/../lib/gcc/arm-none-eabi/4.7.2/thumb2/crtbegin.o
 .tm_clone_table
                0x0000000000000000        0x0 /home/john/pebble-dev/PebbleSDK-2.9/arm-cs-tools/bin/../lib/gcc/arm-none-eabi/4.7.2/thumb2/crtbegin.o
 .text          0x0000000000000000        0x0 src/card.c.13.o
 .bss           0x0000000000000000        0x0 src/card.c.13.o
 .text          0x0000000000000000        0x0 src/feature_menu_layer.c.13.o
 .bss           0x0000000000000000        0x0 src/feature_menu_layer.c.13.o
 .text          0x0000000000000000        0x0 appinfo.auto.c.13.o
 .bss           0x0000000000000000        0x0 appinfo.auto.c.13.o
 .bss           0x0000000000000000        0x0 /home/john/pebble-dev/PebbleSDK-2.9/Pebble/lib/libpebble.a(tmpycZPtxpebble.o)
 .text.accel_data_service_subscribe__deprecated
                0x0000000000000000        0xc /home/john/pebble-dev/PebbleSDK-2.9/Pebble/lib/libpebble.a(tmpycZPtxpebble.o)
 .text.accel_data_service_unsubscribe
                0x0000000000000000        0xc /home/john/pebble-dev/PebbleSDK-2.9/Pebble/lib/libpebble.a(tmpycZPtxpebble.o)
 .text.accel_service_peek
                0x0000000000000000        0xc /home/john/pebble-dev/PebbleSDK-2.9/Pebble/lib/libpebble.a(tmpycZPtxpebble.o)
 .text.accel_service_set_samples_per_update
                0x0000000000000000        0xc /home/john/pebble-dev/PebbleSDK-2.9/Pebble/lib/libpebble.a(tmpycZPtxpebble.o)
 .text.accel_service_set_sampling_rate
                0x0000000000000000        0xc /home/john/pebble-dev/PebbleSDK-2.9/Pebble/lib/libpebble.a(tmpycZPtxpebble.o)
 .text.accel_tap_service_subscribe
                0x0000000000000000        0xc /home/john/pebble-dev/PebbleSDK-2.9/Pebble/lib/libpebble.a(tmpycZPtxpebble.o)
 .text.accel_tap_service_unsubscribe
                0x0000000000000000        0xc /home/john/pebble-dev/PebbleSDK-2.9/Pebble/lib/libpebble.a(tmpycZPtxpebble.o)
 .text.action_bar_layer_add_to_window
                0x0000000000000000        0xc /home/john/pebble-dev/PebbleSDK-2.9/Pebble/lib/libpebble.a(tmpycZPtxpebble.o)
 .text.action_bar_layer_clear_icon
                0x0000000000000000        0xc /home/john/pebble-dev/PebbleSDK-2.9/Pebble/lib/libpebble.a(tmpycZPtxpebble.o)
 .text.action_bar_layer_create
                0x0000000000000000        0xc /home/john/pebble-dev/PebbleSDK-2.9/Pebble/lib/libpebble.a(tmpycZPtxpebble.o)
 .text.action_bar_layer_destroy
                0x0000000000000000        0xc /home/john/pebble-dev/PebbleSDK-2.9/Pebble/lib/libpebble.a(tmpycZPtxpebble.o)
 .text.action_bar_layer_get_layer
                0x0000000000000000        0xc /home/john/pebble-dev/PebbleSDK-2.9/Pebble/lib/libpebble.a(tmpycZPtxpebble.o)
 .text.action_bar_layer_remove_from_window
                0x0000000000000000        0xc /home/john/pebble-dev/PebbleSDK-2.9/Pebble/lib/libpebble.a(tmpycZPtxpebble.o)
 .text.action_bar_layer_set_background_color
                0x0000000000000000        0xc /home/john/pebble-dev/PebbleSDK-2.9/Pebble/lib/libpebble.a(tmpycZPtxpebble.o)
 .text.action_bar_layer_set_click_config_provider
                0x0000000000000000        0xc /home/john/pebble-dev/PebbleSDK-2.9/Pebble/lib/libpebble.a(tmpycZPtxpebble.o)
 .text.action_bar_layer_set_context
                0x0000000000000000        0xc /home/john/pebble-dev/PebbleSDK-2.9/Pebble/lib/libpebble.a(tmpycZPtxpebble.o)
 .text.action_bar_layer_set_icon
                0x0000000000000000        0xc /home/john/pebble-dev/PebbleSDK-2.9/Pebble/lib/libpebble.a(tmpycZPtxpebble.o)
 .text.animation_create
                0x0000000000000000        0xc /home/john/pebble-dev/PebbleSDK-2.9/Pebble/lib/libpebble.a(tmpycZPtxpebble.o)
 .text.animation_destroy
                0x0000000000000000        0xc /home/john/pebble-dev/PebbleSDK-2.9/Pebble/lib/libpebble.a(tmpycZPtxpebble.o)
 .text.animation_get_context
                0x0000000000000000        0xc /home/john/pebble-dev/PebbleSDK-2.9/Pebble/lib/libpebble.a(tmpycZPtxpebble.o)
 .text.animation_is_scheduled
                0x0000000000000000        0xc /home/john/pebble-dev/PebbleSDK-2.9/Pebble/lib/libpebble.a(tmpycZPtxpebble.o)
 .text.animation_schedule
                0x0000000000000000        0xc /home/john/pebble-dev/PebbleSDK-2.9/Pebble/lib/libpebble.a(tmpycZPtxpebble.o)
 .text.animation_set_curve
                0x0000000000000000        0xc /home/john/pebble-dev/PebbleSDK-2.9/Pebble/lib/libpebble.a(tmpycZPtxpebble.o)
 .text.animation_set_delay
                0x0000000000000000        0xc /home/john/pebble-dev/PebbleSDK-2.9/Pebble/lib/libpebble.a(tmpycZPtxpebble.o)
 .text.animation_set_duration
                0x0000000000000000        0xc /home/john/pebble-dev/PebbleSDK-2.9/Pebble/lib/libpebble.a(tmpycZPtxpebble.o)
 .text.animation_set_handlers
                0x0000000000000000        0xc /home/john/pebble-dev/PebbleSDK-2.9/Pebble/lib/libpebble.a(tmpycZPtxpebble.o)
 .text.animation_set_implementation
                0x0000000000000000        0xc /home/john/pebble-dev/PebbleSDK-2.9/Pebble/lib/libpebble.a(tmpycZPtxpebble.o)
 .text.animation_unschedule
                0x0000000000000000        0xc /home/john/pebble-dev/PebbleSDK-2.9/Pebble/lib/libpebble.a(tmpycZPtxpebble.o)
 .text.animation_unschedule_all
                0x0000000000000000        0xc /home/john/pebble-dev/PebbleSDK-2.9/Pebble/lib/libpebble.a(tmpycZPtxpebble.o)
 .text.app_comm_get_sniff_interval
                0x0000000000000000        0xc /home/john/pebble-dev/PebbleSDK-2.9/Pebble/lib/libpebble.a(tmpycZPtxpebble.o)
 .text.app_comm_set_sniff_interval
                0x0000000000000000        0xc /home/john/pebble-dev/PebbleSDK-2.9/Pebble/lib/libpebble.a(tmpycZPtxpebble.o)
 .text.app_message_deregister_callbacks
                0x0000000000000000        0xc /home/john/pebble-dev/PebbleSDK-2.9/Pebble/lib/libpebble.a(tmpycZPtxpebble.o)
 .text.app_sync_get
                0x0000000000000000        0xc /home/john/pebble-dev/PebbleSDK-2.9/Pebble/lib/libpebble.a(tmpycZPtxpebble.o)
 .text.app_sync_set
                0x0000000000000000        0xc /home/john/pebble-dev/PebbleSDK-2.9/Pebble/lib/libpebble.a(tmpycZPtxpebble.o)
 .text.app_timer_cancel
                0x0000000000000000        0xc /home/john/pebble-dev/PebbleSDK-2.9/Pebble/lib/libpebble.a(tmpycZPtxpebble.o)
 .text.app_timer_register
                0x0000000000000000        0xc /home/john/pebble-dev/PebbleSDK-2.9/Pebble/lib/libpebble.a(tmpycZPtxpebble.o)
 .text.app_timer_reschedule
                0x0000000000000000        0xc /home/john/pebble-dev/PebbleSDK-2.9/Pebble/lib/libpebble.a(tmpycZPtxpebble.o)
 .text.atan2_lookup
                0x0000000000000000        0xc /home/john/pebble-dev/PebbleSDK-2.9/Pebble/lib/libpebble.a(tmpycZPtxpebble.o)
 .text.atoi     0x0000000000000000        0xc /home/john/pebble-dev/PebbleSDK-2.9/Pebble/lib/libpebble.a(tmpycZPtxpebble.o)
 .text.atol     0x0000000000000000        0xc /home/john/pebble-dev/PebbleSDK-2.9/Pebble/lib/libpebble.a(tmpycZPtxpebble.o)
 .text.battery_state_service_peek
                0x0000000000000000        0xc /home/john/pebble-dev/PebbleSDK-2.9/Pebble/lib/libpebble.a(tmpycZPtxpebble.o)
 .text.battery_state_service_subscribe
                0x0000000000000000        0xc /home/john/pebble-dev/PebbleSDK-2.9/Pebble/lib/libpebble.a(tmpycZPtxpebble.o)
 .text.battery_state_service_unsubscribe
                0x0000000000000000        0xc /home/john/pebble-dev/PebbleSDK-2.9/Pebble/lib/libpebble.a(tmpycZPtxpebble.o)
 .text.bitmap_layer_create
                0x0000000000000000        0xc /home/john/pebble-dev/PebbleSDK-2.9/Pebble/lib/libpebble.a(tmpycZPtxpebble.o)
 .text.bitmap_layer_destroy
                0x0000000000000000        0xc /home/john/pebble-dev/PebbleSDK-2.9/Pebble/lib/libpebble.a(tmpycZPtxpebble.o)
 .text.bitmap_layer_get_layer
                0x0000000000000000        0xc /home/john/pebble-dev/PebbleSDK-2.9/Pebble/lib/libpebble.a(tmpycZPtxpebble.o)
 .text.bitmap_layer_set_alignment
                0x0000000000000000        0xc /home/john/pebble-dev/PebbleSDK-2.9/Pebble/lib/libpebble.a(tmpycZPtxpebble.o)
 .text.bitmap_layer_set_background_color
                0x0000000000000000        0xc /home/john/pebble-dev/PebbleSDK-2.9/Pebble/lib/libpebble.a(tmpycZPtxpebble.o)
 .text.bitmap_layer_set_bitmap
                0x0000000000000000        0xc /home/john/pebble-dev/PebbleSDK-2.9/Pebble/lib/libpebble.a(tmpycZPtxpebble.o)
 .text.bitmap_layer_set_compositing_mode
                0x0000000000000000        0xc /home/john/pebble-dev/PebbleSDK-2.9/Pebble/lib/libpebble.a(tmpycZPtxpebble.o)
 .text.bluetooth_connection_service_peek
                0x0000000000000000        0xc /home/john/pebble-dev/PebbleSDK-2.9/Pebble/lib/libpebble.a(tmpycZPtxpebble.o)
 .text.bluetooth_connection_service_subscribe
                0x0000000000000000        0xc /home/john/pebble-dev/PebbleSDK-2.9/Pebble/lib/libpebble.a(tmpycZPtxpebble.o)
 .text.bluetooth_connection_service_unsubscribe
                0x0000000000000000        0xc /home/john/pebble-dev/PebbleSDK-2.9/Pebble/lib/libpebble.a(tmpycZPtxpebble.o)
 .text.click_number_of_clicks_counted
                0x0000000000000000        0xc /home/john/pebble-dev/PebbleSDK-2.9/Pebble/lib/libpebble.a(tmpycZPtxpebble.o)
 .text.click_recognizer_get_button_id
                0x0000000000000000        0xc /home/john/pebble-dev/PebbleSDK-2.9/Pebble/lib/libpebble.a(tmpycZPtxpebble.o)
 .text.clock_copy_time_string
                0x0000000000000000        0xc /home/john/pebble-dev/PebbleSDK-2.9/Pebble/lib/libpebble.a(tmpycZPtxpebble.o)
 .text.clock_is_24h_style
                0x0000000000000000        0xc /home/john/pebble-dev/PebbleSDK-2.9/Pebble/lib/libpebble.a(tmpycZPtxpebble.o)
 .text.cos_lookup
                0x0000000000000000        0xc /home/john/pebble-dev/PebbleSDK-2.9/Pebble/lib/libpebble.a(tmpycZPtxpebble.o)
 .text.data_logging_create
                0x0000000000000000        0xc /home/john/pebble-dev/PebbleSDK-2.9/Pebble/lib/libpebble.a(tmpycZPtxpebble.o)
 .text.data_logging_finish
                0x0000000000000000        0xc /home/john/pebble-dev/PebbleSDK-2.9/Pebble/lib/libpebble.a(tmpycZPtxpebble.o)
 .text.data_logging_log
                0x0000000000000000        0xc /home/john/pebble-dev/PebbleSDK-2.9/Pebble/lib/libpebble.a(tmpycZPtxpebble.o)
 .text.dict_calc_buffer_size
                0x0000000000000000        0xc /home/john/pebble-dev/PebbleSDK-2.9/Pebble/lib/libpebble.a(tmpycZPtxpebble.o)
 .text.dict_calc_buffer_size_from_tuplets
                0x0000000000000000        0xc /home/john/pebble-dev/PebbleSDK-2.9/Pebble/lib/libpebble.a(tmpycZPtxpebble.o)
 .text.dict_find
                0x0000000000000000        0xc /home/john/pebble-dev/PebbleSDK-2.9/Pebble/lib/libpebble.a(tmpycZPtxpebble.o)
 .text.dict_merge
                0x0000000000000000        0xc /home/john/pebble-dev/PebbleSDK-2.9/Pebble/lib/libpebble.a(tmpycZPtxpebble.o)
 .text.dict_read_begin_from_buffer
                0x0000000000000000        0xc /home/john/pebble-dev/PebbleSDK-2.9/Pebble/lib/libpebble.a(tmpycZPtxpebble.o)
 .text.dict_read_first
                0x0000000000000000        0xc /home/john/pebble-dev/PebbleSDK-2.9/Pebble/lib/libpebble.a(tmpycZPtxpebble.o)
 .text.dict_read_next
                0x0000000000000000        0xc /home/john/pebble-dev/PebbleSDK-2.9/Pebble/lib/libpebble.a(tmpycZPtxpebble.o)
 .text.dict_serialize_tuplets
                0x0000000000000000        0xc /home/john/pebble-dev/PebbleSDK-2.9/Pebble/lib/libpebble.a(tmpycZPtxpebble.o)
 .text.dict_serialize_tuplets_to_buffer__deprecated
                0x0000000000000000        0xc /home/john/pebble-dev/PebbleSDK-2.9/Pebble/lib/libpebble.a(tmpycZPtxpebble.o)
 .text.dict_serialize_tuplets_to_buffer_with_iter
                0x0000000000000000        0xc /home/john/pebble-dev/PebbleSDK-2.9/Pebble/lib/libpebble.a(tmpycZPtxpebble.o)
 .text.dict_write_begin
                0x0000000000000000        0xc /home/john/pebble-dev/PebbleSDK-2.9/Pebble/lib/libpebble.a(tmpycZPtxpebble.o)
 .text.dict_write_cstring
                0x0000000000000000        0xc /home/john/pebble-dev/PebbleSDK-2.9/Pebble/lib/libpebble.a(tmpycZPtxpebble.o)
 .text.dict_write_data
                0x0000000000000000        0xc /home/john/pebble-dev/PebbleSDK-2.9/Pebble/lib/libpebble.a(tmpycZPtxpebble.o)
 .text.dict_write_int16
                0x0000000000000000        0xc /home/john/pebble-dev/PebbleSDK-2.9/Pebble/lib/libpebble.a(tmpycZPtxpebble.o)
 .text.dict_write_int32
                0x0000000000000000        0xc /home/john/pebble-dev/PebbleSDK-2.9/Pebble/lib/libpebble.a(tmpycZPtxpebble.o)
 .text.dict_write_int8
                0x0000000000000000        0xc /home/john/pebble-dev/PebbleSDK-2.9/Pebble/lib/libpebble.a(tmpycZPtxpebble.o)
 .text.dict_write_tuplet
                0x0000000000000000        0xc /home/john/pebble-dev/PebbleSDK-2.9/Pebble/lib/libpebble.a(tmpycZPtxpebble.o)
 .text.dict_write_uint16
                0x0000000000000000        0xc /home/john/pebble-dev/PebbleSDK-2.9/Pebble/lib/libpebble.a(tmpycZPtxpebble.o)
 .text.dict_write_uint32
                0x0000000000000000        0xc /home/john/pebble-dev/PebbleSDK-2.9/Pebble/lib/libpebble.a(tmpycZPtxpebble.o)
 .text.dict_write_uint8
                0x0000000000000000        0xc /home/john/pebble-dev/PebbleSDK-2.9/Pebble/lib/libpebble.a(tmpycZPtxpebble.o)
 .text.fonts_load_custom_font
                0x0000000000000000        0xc /home/john/pebble-dev/PebbleSDK-2.9/Pebble/lib/libpebble.a(tmpycZPtxpebble.o)
 .text.fonts_unload_custom_font
                0x0000000000000000        0xc /home/john/pebble-dev/PebbleSDK-2.9/Pebble/lib/libpebble.a(tmpycZPtxpebble.o)
 .text.free     0x0000000000000000        0xc /home/john/pebble-dev/PebbleSDK-2.9/Pebble/lib/libpebble.a(tmpycZPtxpebble.o)
 .text.gbitmap_create_as_sub_bitmap
                0x0000000000000000        0xc /home/john/pebble-dev/PebbleSDK-2.9/Pebble/lib/libpebble.a(tmpycZPtxpebble.o)
 .text.gbitmap_create_with_data
                0x0000000000000000        0xc /home/john/pebble-dev/PebbleSDK-2.9/Pebble/lib/libpebble.a(tmpycZPtxpebble.o)
 .text.gmtime   0x0000000000000000        0xc /home/john/pebble-dev/PebbleSDK-2.9/Pebble/lib/libpebble.a(tmpycZPtxpebble.o)
 .text.gpath_create
                0x0000000000000000        0xc /home/john/pebble-dev/PebbleSDK-2.9/Pebble/lib/libpebble.a(tmpycZPtxpebble.o)
 .text.gpath_destroy
                0x0000000000000000        0xc /home/john/pebble-dev/PebbleSDK-2.9/Pebble/lib/libpebble.a(tmpycZPtxpebble.o)
 .text.gpath_draw_filled_legacy
                0x0000000000000000        0xc /home/john/pebble-dev/PebbleSDK-2.9/Pebble/lib/libpebble.a(tmpycZPtxpebble.o)
 .text.gpath_draw_outline
                0x0000000000000000        0xc /home/john/pebble-dev/PebbleSDK-2.9/Pebble/lib/libpebble.a(tmpycZPtxpebble.o)
 .text.gpath_move_to
                0x0000000000000000        0xc /home/john/pebble-dev/PebbleSDK-2.9/Pebble/lib/libpebble.a(tmpycZPtxpebble.o)
 .text.gpath_rotate_to
                0x0000000000000000        0xc /home/john/pebble-dev/PebbleSDK-2.9/Pebble/lib/libpebble.a(tmpycZPtxpebble.o)
 .text.gpoint_equal
                0x0000000000000000        0xc /home/john/pebble-dev/PebbleSDK-2.9/Pebble/lib/libpebble.a(tmpycZPtxpebble.o)
 .text.graphics_context_set_compositing_mode
                0x0000000000000000        0xc /home/john/pebble-dev/PebbleSDK-2.9/Pebble/lib/libpebble.a(tmpycZPtxpebble.o)
 .text.graphics_context_set_fill_color
                0x0000000000000000        0xc /home/john/pebble-dev/PebbleSDK-2.9/Pebble/lib/libpebble.a(tmpycZPtxpebble.o)
 .text.graphics_context_set_stroke_color
                0x0000000000000000        0xc /home/john/pebble-dev/PebbleSDK-2.9/Pebble/lib/libpebble.a(tmpycZPtxpebble.o)
 .text.graphics_draw_circle
                0x0000000000000000        0xc /home/john/pebble-dev/PebbleSDK-2.9/Pebble/lib/libpebble.a(tmpycZPtxpebble.o)
 .text.graphics_draw_line
                0x0000000000000000        0xc /home/john/pebble-dev/PebbleSDK-2.9/Pebble/lib/libpebble.a(tmpycZPtxpebble.o)
 .text.graphics_draw_pixel
                0x0000000000000000        0xc /home/john/pebble-dev/PebbleSDK-2.9/Pebble/lib/libpebble.a(tmpycZPtxpebble.o)
 .text.graphics_draw_rect
                0x0000000000000000        0xc /home/john/pebble-dev/PebbleSDK-2.9/Pebble/lib/libpebble.a(tmpycZPtxpebble.o)
 .text.graphics_draw_round_rect
                0x0000000000000000        0xc /home/john/pebble-dev/PebbleSDK-2.9/Pebble/lib/libpebble.a(tmpycZPtxpebble.o)
 .text.graphics_fill_circle
                0x0000000000000000        0xc /home/john/pebble-dev/PebbleSDK-2.9/Pebble/lib/libpebble.a(tmpycZPtxpebble.o)
 .text.graphics_fill_rect
                0x0000000000000000        0xc /home/john/pebble-dev/PebbleSDK-2.9/Pebble/lib/libpebble.a(tmpycZPtxpebble.o)
 .text.graphics_text_layout_get_max_used_size
                0x0000000000000000        0xc /home/john/pebble-dev/PebbleSDK-2.9/Pebble/lib/libpebble.a(tmpycZPtxpebble.o)
 .text.grect_align
                0x0000000000000000        0xc /home/john/pebble-dev/PebbleSDK-2.9/Pebble/lib/libpebble.a(tmpycZPtxpebble.o)
 .text.grect_center_point
                0x0000000000000000        0xc /home/john/pebble-dev/PebbleSDK-2.9/Pebble/lib/libpebble.a(tmpycZPtxpebble.o)
 .text.grect_clip
                0x0000000000000000        0xc /home/john/pebble-dev/PebbleSDK-2.9/Pebble/lib/libpebble.a(tmpycZPtxpebble.o)
 .text.grect_contains_point
                0x0000000000000000        0xc /home/john/pebble-dev/PebbleSDK-2.9/Pebble/lib/libpebble.a(tmpycZPtxpebble.o)
 .text.grect_crop
                0x0000000000000000        0xc /home/john/pebble-dev/PebbleSDK-2.9/Pebble/lib/libpebble.a(tmpycZPtxpebble.o)
 .text.grect_equal
                0x0000000000000000        0xc /home/john/pebble-dev/PebbleSDK-2.9/Pebble/lib/libpebble.a(tmpycZPtxpebble.o)
 .text.grect_is_empty
                0x0000000000000000        0xc /home/john/pebble-dev/PebbleSDK-2.9/Pebble/lib/libpebble.a(tmpycZPtxpebble.o)
 .text.grect_standardize
                0x0000000000000000        0xc /home/john/pebble-dev/PebbleSDK-2.9/Pebble/lib/libpebble.a(tmpycZPtxpebble.o)
 .text.gsize_equal
                0x0000000000000000        0xc /home/john/pebble-dev/PebbleSDK-2.9/Pebble/lib/libpebble.a(tmpycZPtxpebble.o)
 .text.layer_create_with_data
                0x0000000000000000        0xc /home/john/pebble-dev/PebbleSDK-2.9/Pebble/lib/libpebble.a(tmpycZPtxpebble.o)
 .text.layer_get_bounds
                0x0000000000000000        0xc /home/john/pebble-dev/PebbleSDK-2.9/Pebble/lib/libpebble.a(tmpycZPtxpebble.o)
 .text.layer_get_clips
                0x0000000000000000        0xc /home/john/pebble-dev/PebbleSDK-2.9/Pebble/lib/libpebble.a(tmpycZPtxpebble.o)
 .text.layer_get_data
                0x0000000000000000        0xc /home/john/pebble-dev/PebbleSDK-2.9/Pebble/lib/libpebble.a(tmpycZPtxpebble.o)
 .text.layer_get_hidden
                0x0000000000000000        0xc /home/john/pebble-dev/PebbleSDK-2.9/Pebble/lib/libpebble.a(tmpycZPtxpebble.o)
 .text.layer_get_window
                0x0000000000000000        0xc /home/john/pebble-dev/PebbleSDK-2.9/Pebble/lib/libpebble.a(tmpycZPtxpebble.o)
 .text.layer_insert_above_sibling
                0x0000000000000000        0xc /home/john/pebble-dev/PebbleSDK-2.9/Pebble/lib/libpebble.a(tmpycZPtxpebble.o)
 .text.layer_insert_below_sibling
                0x0000000000000000        0xc /home/john/pebble-dev/PebbleSDK-2.9/Pebble/lib/libpebble.a(tmpycZPtxpebble.o)
 .text.layer_remove_child_layers
                0x0000000000000000        0xc /home/john/pebble-dev/PebbleSDK-2.9/Pebble/lib/libpebble.a(tmpycZPtxpebble.o)
 .text.layer_remove_from_parent
                0x0000000000000000        0xc /home/john/pebble-dev/PebbleSDK-2.9/Pebble/lib/libpebble.a(tmpycZPtxpebble.o)
 .text.layer_set_bounds
                0x0000000000000000        0xc /home/john/pebble-dev/PebbleSDK-2.9/Pebble/lib/libpebble.a(tmpycZPtxpebble.o)
 .text.layer_set_clips
                0x0000000000000000        0xc /home/john/pebble-dev/PebbleSDK-2.9/Pebble/lib/libpebble.a(tmpycZPtxpebble.o)
 .text.layer_set_frame
                0x0000000000000000        0xc /home/john/pebble-dev/PebbleSDK-2.9/Pebble/lib/libpebble.a(tmpycZPtxpebble.o)
 .text.layer_set_hidden
                0x0000000000000000        0xc /home/john/pebble-dev/PebbleSDK-2.9/Pebble/lib/libpebble.a(tmpycZPtxpebble.o)
 .text.light_enable
                0x0000000000000000        0xc /home/john/pebble-dev/PebbleSDK-2.9/Pebble/lib/libpebble.a(tmpycZPtxpebble.o)
 .text.light_enable_interaction
                0x0000000000000000        0xc /home/john/pebble-dev/PebbleSDK-2.9/Pebble/lib/libpebble.a(tmpycZPtxpebble.o)
 .text.localtime
                0x0000000000000000        0xc /home/john/pebble-dev/PebbleSDK-2.9/Pebble/lib/libpebble.a(tmpycZPtxpebble.o)
 .text.malloc   0x0000000000000000        0xc /home/john/pebble-dev/PebbleSDK-2.9/Pebble/lib/libpebble.a(tmpycZPtxpebble.o)
 .text.memcpy   0x0000000000000000        0xc /home/john/pebble-dev/PebbleSDK-2.9/Pebble/lib/libpebble.a(tmpycZPtxpebble.o)
 .text.memmove  0x0000000000000000        0xc /home/john/pebble-dev/PebbleSDK-2.9/Pebble/lib/libpebble.a(tmpycZPtxpebble.o)
 .text.menu_cell_title_draw
                0x0000000000000000        0xc /home/john/pebble-dev/PebbleSDK-2.9/Pebble/lib/libpebble.a(tmpycZPtxpebble.o)
 .text.menu_index_compare
                0x0000000000000000        0xc /home/john/pebble-dev/PebbleSDK-2.9/Pebble/lib/libpebble.a(tmpycZPtxpebble.o)
 .text.menu_layer_get_scroll_layer
                0x0000000000000000        0xc /home/john/pebble-dev/PebbleSDK-2.9/Pebble/lib/libpebble.a(tmpycZPtxpebble.o)
 .text.menu_layer_get_selected_index
                0x0000000000000000        0xc /home/john/pebble-dev/PebbleSDK-2.9/Pebble/lib/libpebble.a(tmpycZPtxpebble.o)
 .text.menu_layer_reload_data
                0x0000000000000000        0xc /home/john/pebble-dev/PebbleSDK-2.9/Pebble/lib/libpebble.a(tmpycZPtxpebble.o)
 .text.menu_layer_set_callbacks__deprecated
                0x0000000000000000        0xc /home/john/pebble-dev/PebbleSDK-2.9/Pebble/lib/libpebble.a(tmpycZPtxpebble.o)
 .text.menu_layer_set_selected_index
                0x0000000000000000        0xc /home/john/pebble-dev/PebbleSDK-2.9/Pebble/lib/libpebble.a(tmpycZPtxpebble.o)
 .text.menu_layer_set_selected_next
                0x0000000000000000        0xc /home/john/pebble-dev/PebbleSDK-2.9/Pebble/lib/libpebble.a(tmpycZPtxpebble.o)
 .text.number_window_create
                0x0000000000000000        0xc /home/john/pebble-dev/PebbleSDK-2.9/Pebble/lib/libpebble.a(tmpycZPtxpebble.o)
 .text.number_window_destroy
                0x0000000000000000        0xc /home/john/pebble-dev/PebbleSDK-2.9/Pebble/lib/libpebble.a(tmpycZPtxpebble.o)
 .text.number_window_get_value
                0x0000000000000000        0xc /home/john/pebble-dev/PebbleSDK-2.9/Pebble/lib/libpebble.a(tmpycZPtxpebble.o)
 .text.number_window_set_label
                0x0000000000000000        0xc /home/john/pebble-dev/PebbleSDK-2.9/Pebble/lib/libpebble.a(tmpycZPtxpebble.o)
 .text.number_window_set_max
                0x0000000000000000        0xc /home/john/pebble-dev/PebbleSDK-2.9/Pebble/lib/libpebble.a(tmpycZPtxpebble.o)
 .text.number_window_set_min
                0x0000000000000000        0xc /home/john/pebble-dev/PebbleSDK-2.9/Pebble/lib/libpebble.a(tmpycZPtxpebble.o)
 .text.number_window_set_step_size
                0x0000000000000000        0xc /home/john/pebble-dev/PebbleSDK-2.9/Pebble/lib/libpebble.a(tmpycZPtxpebble.o)
 .text.number_window_set_value
                0x0000000000000000        0xc /home/john/pebble-dev/PebbleSDK-2.9/Pebble/lib/libpebble.a(tmpycZPtxpebble.o)
 .text.persist_delete
                0x0000000000000000        0xc /home/john/pebble-dev/PebbleSDK-2.9/Pebble/lib/libpebble.a(tmpycZPtxpebble.o)
 .text.persist_exists
                0x0000000000000000        0xc /home/john/pebble-dev/PebbleSDK-2.9/Pebble/lib/libpebble.a(tmpycZPtxpebble.o)
 .text.persist_get_size
                0x0000000000000000        0xc /home/john/pebble-dev/PebbleSDK-2.9/Pebble/lib/libpebble.a(tmpycZPtxpebble.o)
 .text.persist_read_bool
                0x0000000000000000        0xc /home/john/pebble-dev/PebbleSDK-2.9/Pebble/lib/libpebble.a(tmpycZPtxpebble.o)
 .text.persist_read_data__deprecated
                0x0000000000000000        0xc /home/john/pebble-dev/PebbleSDK-2.9/Pebble/lib/libpebble.a(tmpycZPtxpebble.o)
 .text.persist_read_int
                0x0000000000000000        0xc /home/john/pebble-dev/PebbleSDK-2.9/Pebble/lib/libpebble.a(tmpycZPtxpebble.o)
 .text.persist_read_string__deprecated
                0x0000000000000000        0xc /home/john/pebble-dev/PebbleSDK-2.9/Pebble/lib/libpebble.a(tmpycZPtxpebble.o)
 .text.persist_write_bool
                0x0000000000000000        0xc /home/john/pebble-dev/PebbleSDK-2.9/Pebble/lib/libpebble.a(tmpycZPtxpebble.o)
 .text.persist_write_data__deprecated
                0x0000000000000000        0xc /home/john/pebble-dev/PebbleSDK-2.9/Pebble/lib/libpebble.a(tmpycZPtxpebble.o)
 .text.persist_write_int
                0x0000000000000000        0xc /home/john/pebble-dev/PebbleSDK-2.9/Pebble/lib/libpebble.a(tmpycZPtxpebble.o)
 .text.persist_write_string
                0x0000000000000000        0xc /home/john/pebble-dev/PebbleSDK-2.9/Pebble/lib/libpebble.a(tmpycZPtxpebble.o)
 .text.property_animation_create
                0x0000000000000000        0xc /home/john/pebble-dev/PebbleSDK-2.9/Pebble/lib/libpebble.a(tmpycZPtxpebble.o)
 .text.property_animation_create_layer_frame
                0x0000000000000000        0xc /home/john/pebble-dev/PebbleSDK-2.9/Pebble/lib/libpebble.a(tmpycZPtxpebble.o)
 .text.property_animation_destroy
                0x0000000000000000        0xc /home/john/pebble-dev/PebbleSDK-2.9/Pebble/lib/libpebble.a(tmpycZPtxpebble.o)
 .text.property_animation_update_gpoint
                0x0000000000000000        0xc /home/john/pebble-dev/PebbleSDK-2.9/Pebble/lib/libpebble.a(tmpycZPtxpebble.o)
 .text.property_animation_update_grect
                0x0000000000000000        0xc /home/john/pebble-dev/PebbleSDK-2.9/Pebble/lib/libpebble.a(tmpycZPtxpebble.o)
 .text.property_animation_update_int16
                0x0000000000000000        0xc /home/john/pebble-dev/PebbleSDK-2.9/Pebble/lib/libpebble.a(tmpycZPtxpebble.o)
 .text.psleep   0x0000000000000000        0xc /home/john/pebble-dev/PebbleSDK-2.9/Pebble/lib/libpebble.a(tmpycZPtxpebble.o)
 .text.rand     0x0000000000000000        0xc /home/john/pebble-dev/PebbleSDK-2.9/Pebble/lib/libpebble.a(tmpycZPtxpebble.o)
 .text.resource_get_handle
                0x0000000000000000        0xc /home/john/pebble-dev/PebbleSDK-2.9/Pebble/lib/libpebble.a(tmpycZPtxpebble.o)
 .text.resource_load
                0x0000000000000000        0xc /home/john/pebble-dev/PebbleSDK-2.9/Pebble/lib/libpebble.a(tmpycZPtxpebble.o)
 .text.resource_load_byte_range
                0x0000000000000000        0xc /home/john/pebble-dev/PebbleSDK-2.9/Pebble/lib/libpebble.a(tmpycZPtxpebble.o)
 .text.resource_size
                0x0000000000000000        0xc /home/john/pebble-dev/PebbleSDK-2.9/Pebble/lib/libpebble.a(tmpycZPtxpebble.o)
 .text.rot_bitmap_layer_create
                0x0000000000000000        0xc /home/john/pebble-dev/PebbleSDK-2.9/Pebble/lib/libpebble.a(tmpycZPtxpebble.o)
 .text.rot_bitmap_layer_destroy
                0x0000000000000000        0xc /home/john/pebble-dev/PebbleSDK-2.9/Pebble/lib/libpebble.a(tmpycZPtxpebble.o)
 .text.rot_bitmap_layer_increment_angle
                0x0000000000000000        0xc /home/john/pebble-dev/PebbleSDK-2.9/Pebble/lib/libpebble.a(tmpycZPtxpebble.o)
 .text.rot_bitmap_layer_set_angle
                0x0000000000000000        0xc /home/john/pebble-dev/PebbleSDK-2.9/Pebble/lib/libpebble.a(tmpycZPtxpebble.o)
 .text.rot_bitmap_layer_set_corner_clip_color
                0x0000000000000000        0xc /home/john/pebble-dev/PebbleSDK-2.9/Pebble/lib/libpebble.a(tmpycZPtxpebble.o)
 .text.rot_bitmap_set_compositing_mode
                0x0000000000000000        0xc /home/john/pebble-dev/PebbleSDK-2.9/Pebble/lib/libpebble.a(tmpycZPtxpebble.o)
 .text.rot_bitmap_set_src_ic
                0x0000000000000000        0xc /home/john/pebble-dev/PebbleSDK-2.9/Pebble/lib/libpebble.a(tmpycZPtxpebble.o)
 .text.scroll_layer_get_content_offset
                0x0000000000000000        0xc /home/john/pebble-dev/PebbleSDK-2.9/Pebble/lib/libpebble.a(tmpycZPtxpebble.o)
 .text.scroll_layer_get_content_size
                0x0000000000000000        0xc /home/john/pebble-dev/PebbleSDK-2.9/Pebble/lib/libpebble.a(tmpycZPtxpebble.o)
 .text.scroll_layer_get_shadow_hidden
                0x0000000000000000        0xc /home/john/pebble-dev/PebbleSDK-2.9/Pebble/lib/libpebble.a(tmpycZPtxpebble.o)
 .text.scroll_layer_scroll_down_click_handler
                0x0000000000000000        0xc /home/john/pebble-dev/PebbleSDK-2.9/Pebble/lib/libpebble.a(tmpycZPtxpebble.o)
 .text.scroll_layer_scroll_up_click_handler
                0x0000000000000000        0xc /home/john/pebble-dev/PebbleSDK-2.9/Pebble/lib/libpebble.a(tmpycZPtxpebble.o)
 .text.scroll_layer_set_callbacks
                0x0000000000000000        0xc /home/john/pebble-dev/PebbleSDK-2.9/Pebble/lib/libpebble.a(tmpycZPtxpebble.o)
 .text.scroll_layer_set_content_offset
                0x0000000000000000        0xc /home/john/pebble-dev/PebbleSDK-2.9/Pebble/lib/libpebble.a(tmpycZPtxpebble.o)
 .text.scroll_layer_set_context
                0x0000000000000000        0xc /home/john/pebble-dev/PebbleSDK-2.9/Pebble/lib/libpebble.a(tmpycZPtxpebble.o)
 .text.scroll_layer_set_frame
                0x0000000000000000        0xc /home/john/pebble-dev/PebbleSDK-2.9/Pebble/lib/libpebble.a(tmpycZPtxpebble.o)
 .text.scroll_layer_set_shadow_hidden
                0x0000000000000000        0xc /home/john/pebble-dev/PebbleSDK-2.9/Pebble/lib/libpebble.a(tmpycZPtxpebble.o)
 .text.simple_menu_layer_create
                0x0000000000000000        0xc /home/john/pebble-dev/PebbleSDK-2.9/Pebble/lib/libpebble.a(tmpycZPtxpebble.o)
 .text.simple_menu_layer_destroy
                0x0000000000000000        0xc /home/john/pebble-dev/PebbleSDK-2.9/Pebble/lib/libpebble.a(tmpycZPtxpebble.o)
 .text.simple_menu_layer_get_layer
                0x0000000000000000        0xc /home/john/pebble-dev/PebbleSDK-2.9/Pebble/lib/libpebble.a(tmpycZPtxpebble.o)
 .text.simple_menu_layer_get_selected_index
                0x0000000000000000        0xc /home/john/pebble-dev/PebbleSDK-2.9/Pebble/lib/libpebble.a(tmpycZPtxpebble.o)
 .text.simple_menu_layer_set_selected_index
                0x0000000000000000        0xc /home/john/pebble-dev/PebbleSDK-2.9/Pebble/lib/libpebble.a(tmpycZPtxpebble.o)
 .text.sin_lookup
                0x0000000000000000        0xc /home/john/pebble-dev/PebbleSDK-2.9/Pebble/lib/libpebble.a(tmpycZPtxpebble.o)
 .text.srand    0x0000000000000000        0xc /home/john/pebble-dev/PebbleSDK-2.9/Pebble/lib/libpebble.a(tmpycZPtxpebble.o)
 .text.strcat   0x0000000000000000        0xc /home/john/pebble-dev/PebbleSDK-2.9/Pebble/lib/libpebble.a(tmpycZPtxpebble.o)
 .text.strftime
                0x0000000000000000        0xc /home/john/pebble-dev/PebbleSDK-2.9/Pebble/lib/libpebble.a(tmpycZPtxpebble.o)
 .text.strlen   0x0000000000000000        0xc /home/john/pebble-dev/PebbleSDK-2.9/Pebble/lib/libpebble.a(tmpycZPtxpebble.o)
 .text.strncat  0x0000000000000000        0xc /home/john/pebble-dev/PebbleSDK-2.9/Pebble/lib/libpebble.a(tmpycZPtxpebble.o)
 .text.strncmp  0x0000000000000000        0xc /home/john/pebble-dev/PebbleSDK-2.9/Pebble/lib/libpebble.a(tmpycZPtxpebble.o)
 .text.strncpy  0x0000000000000000        0xc /home/john/pebble-dev/PebbleSDK-2.9/Pebble/lib/libpebble.a(tmpycZPtxpebble.o)
 .text.text_layer_get_text
                0x0000000000000000        0xc /home/john/pebble-dev/PebbleSDK-2.9/Pebble/lib/libpebble.a(tmpycZPtxpebble.o)
 .text.text_layer_set_background_color
                0x0000000000000000        0xc /home/john/pebble-dev/PebbleSDK-2.9/Pebble/lib/libpebble.a(tmpycZPtxpebble.o)
 .text.text_layer_set_overflow_mode
                0x0000000000000000        0xc /home/john/pebble-dev/PebbleSDK-2.9/Pebble/lib/libpebble.a(tmpycZPtxpebble.o)
 .text.text_layer_set_text_alignment
                0x0000000000000000        0xc /home/john/pebble-dev/PebbleSDK-2.9/Pebble/lib/libpebble.a(tmpycZPtxpebble.o)
 .text.text_layer_set_text_color
                0x0000000000000000        0xc /home/john/pebble-dev/PebbleSDK-2.9/Pebble/lib/libpebble.a(tmpycZPtxpebble.o)
 .text.tick_timer_service_subscribe
                0x0000000000000000        0xc /home/john/pebble-dev/PebbleSDK-2.9/Pebble/lib/libpebble.a(tmpycZPtxpebble.o)
 .text.tick_timer_service_unsubscribe
                0x0000000000000000        0xc /home/john/pebble-dev/PebbleSDK-2.9/Pebble/lib/libpebble.a(tmpycZPtxpebble.o)
 .text.time     0x0000000000000000        0xc /home/john/pebble-dev/PebbleSDK-2.9/Pebble/lib/libpebble.a(tmpycZPtxpebble.o)
 .text.time_ms  0x0000000000000000        0xc /home/john/pebble-dev/PebbleSDK-2.9/Pebble/lib/libpebble.a(tmpycZPtxpebble.o)
 .text.vibes_cancel
                0x0000000000000000        0xc /home/john/pebble-dev/PebbleSDK-2.9/Pebble/lib/libpebble.a(tmpycZPtxpebble.o)
 .text.vibes_double_pulse
                0x0000000000000000        0xc /home/john/pebble-dev/PebbleSDK-2.9/Pebble/lib/libpebble.a(tmpycZPtxpebble.o)
 .text.vibes_enqueue_custom_pattern
                0x0000000000000000        0xc /home/john/pebble-dev/PebbleSDK-2.9/Pebble/lib/libpebble.a(tmpycZPtxpebble.o)
 .text.vibes_long_pulse
                0x0000000000000000        0xc /home/john/pebble-dev/PebbleSDK-2.9/Pebble/lib/libpebble.a(tmpycZPtxpebble.o)
 .text.window_get_click_config_provider
                0x0000000000000000        0xc /home/john/pebble-dev/PebbleSDK-2.9/Pebble/lib/libpebble.a(tmpycZPtxpebble.o)
 .text.window_get_fullscreen
                0x0000000000000000        0xc /home/john/pebble-dev/PebbleSDK-2.9/Pebble/lib/libpebble.a(tmpycZPtxpebble.o)
 .text.window_is_loaded
                0x0000000000000000        0xc /home/john/pebble-dev/PebbleSDK-2.9/Pebble/lib/libpebble.a(tmpycZPtxpebble.o)
 .text.window_set_background_color
                0x0000000000000000        0xc /home/john/pebble-dev/PebbleSDK-2.9/Pebble/lib/libpebble.a(tmpycZPtxpebble.o)
 .text.window_set_click_config_provider
                0x0000000000000000        0xc /home/john/pebble-dev/PebbleSDK-2.9/Pebble/lib/libpebble.a(tmpycZPtxpebble.o)
 .text.window_set_click_config_provider_with_context
                0x0000000000000000        0xc /home/john/pebble-dev/PebbleSDK-2.9/Pebble/lib/libpebble.a(tmpycZPtxpebble.o)
 .text.window_set_fullscreen
                0x0000000000000000        0xc /home/john/pebble-dev/PebbleSDK-2.9/Pebble/lib/libpebble.a(tmpycZPtxpebble.o)
 .text.window_set_status_bar_icon
                0x0000000000000000        0xc /home/john/pebble-dev/PebbleSDK-2.9/Pebble/lib/libpebble.a(tmpycZPtxpebble.o)
 .text.window_stack_contains_window
                0x0000000000000000        0xc /home/john/pebble-dev/PebbleSDK-2.9/Pebble/lib/libpebble.a(tmpycZPtxpebble.o)
 .text.window_stack_get_top_window
                0x0000000000000000        0xc /home/john/pebble-dev/PebbleSDK-2.9/Pebble/lib/libpebble.a(tmpycZPtxpebble.o)
 .text.window_stack_pop
                0x0000000000000000        0xc /home/john/pebble-dev/PebbleSDK-2.9/Pebble/lib/libpebble.a(tmpycZPtxpebble.o)
 .text.window_stack_pop_all
                0x0000000000000000        0xc /home/john/pebble-dev/PebbleSDK-2.9/Pebble/lib/libpebble.a(tmpycZPtxpebble.o)
 .text.window_stack_remove
                0x0000000000000000        0xc /home/john/pebble-dev/PebbleSDK-2.9/Pebble/lib/libpebble.a(tmpycZPtxpebble.o)
 .text.app_focus_service_subscribe
                0x0000000000000000        0xc /home/john/pebble-dev/PebbleSDK-2.9/Pebble/lib/libpebble.a(tmpycZPtxpebble.o)
 .text.app_focus_service_unsubscribe
                0x0000000000000000        0xc /home/john/pebble-dev/PebbleSDK-2.9/Pebble/lib/libpebble.a(tmpycZPtxpebble.o)
 .text.window_get_user_data
                0x0000000000000000        0xc /home/john/pebble-dev/PebbleSDK-2.9/Pebble/lib/libpebble.a(tmpycZPtxpebble.o)
 .text.window_set_user_data
                0x0000000000000000        0xc /home/john/pebble-dev/PebbleSDK-2.9/Pebble/lib/libpebble.a(tmpycZPtxpebble.o)
 .text.app_message_get_context
                0x0000000000000000        0xc /home/john/pebble-dev/PebbleSDK-2.9/Pebble/lib/libpebble.a(tmpycZPtxpebble.o)
 .text.app_message_register_inbox_dropped
                0x0000000000000000        0xc /home/john/pebble-dev/PebbleSDK-2.9/Pebble/lib/libpebble.a(tmpycZPtxpebble.o)
 .text.app_message_register_inbox_received
                0x0000000000000000        0xc /home/john/pebble-dev/PebbleSDK-2.9/Pebble/lib/libpebble.a(tmpycZPtxpebble.o)
 .text.app_message_register_outbox_failed
                0x0000000000000000        0xc /home/john/pebble-dev/PebbleSDK-2.9/Pebble/lib/libpebble.a(tmpycZPtxpebble.o)
 .text.app_message_register_outbox_sent
                0x0000000000000000        0xc /home/john/pebble-dev/PebbleSDK-2.9/Pebble/lib/libpebble.a(tmpycZPtxpebble.o)
 .text.app_message_set_context
                0x0000000000000000        0xc /home/john/pebble-dev/PebbleSDK-2.9/Pebble/lib/libpebble.a(tmpycZPtxpebble.o)
 .text.window_long_click_subscribe
                0x0000000000000000        0xc /home/john/pebble-dev/PebbleSDK-2.9/Pebble/lib/libpebble.a(tmpycZPtxpebble.o)
 .text.window_multi_click_subscribe
                0x0000000000000000        0xc /home/john/pebble-dev/PebbleSDK-2.9/Pebble/lib/libpebble.a(tmpycZPtxpebble.o)
 .text.window_raw_click_subscribe
                0x0000000000000000        0xc /home/john/pebble-dev/PebbleSDK-2.9/Pebble/lib/libpebble.a(tmpycZPtxpebble.o)
 .text.window_set_click_context
                0x0000000000000000        0xc /home/john/pebble-dev/PebbleSDK-2.9/Pebble/lib/libpebble.a(tmpycZPtxpebble.o)
 .text.window_single_click_subscribe
                0x0000000000000000        0xc /home/john/pebble-dev/PebbleSDK-2.9/Pebble/lib/libpebble.a(tmpycZPtxpebble.o)
 .text.window_single_repeating_click_subscribe
                0x0000000000000000        0xc /home/john/pebble-dev/PebbleSDK-2.9/Pebble/lib/libpebble.a(tmpycZPtxpebble.o)
 .text.dict_serialize_tuplets_to_buffer
                0x0000000000000000        0xc /home/john/pebble-dev/PebbleSDK-2.9/Pebble/lib/libpebble.a(tmpycZPtxpebble.o)
 .text.persist_read_data
                0x0000000000000000        0xc /home/john/pebble-dev/PebbleSDK-2.9/Pebble/lib/libpebble.a(tmpycZPtxpebble.o)
 .text.persist_read_string
                0x0000000000000000        0xc /home/john/pebble-dev/PebbleSDK-2.9/Pebble/lib/libpebble.a(tmpycZPtxpebble.o)
 .text.persist_write_data
                0x0000000000000000        0xc /home/john/pebble-dev/PebbleSDK-2.9/Pebble/lib/libpebble.a(tmpycZPtxpebble.o)
 .text.dict_size
                0x0000000000000000        0xc /home/john/pebble-dev/PebbleSDK-2.9/Pebble/lib/libpebble.a(tmpycZPtxpebble.o)
 .text.graphics_text_layout_get_content_size
                0x0000000000000000        0xc /home/john/pebble-dev/PebbleSDK-2.9/Pebble/lib/libpebble.a(tmpycZPtxpebble.o)
 .text.simple_menu_layer_get_menu_layer
                0x0000000000000000        0xc /home/john/pebble-dev/PebbleSDK-2.9/Pebble/lib/libpebble.a(tmpycZPtxpebble.o)
 .text.accel_data_service_subscribe
                0x0000000000000000        0xc /home/john/pebble-dev/PebbleSDK-2.9/Pebble/lib/libpebble.a(tmpycZPtxpebble.o)
 .text.calloc   0x0000000000000000        0xc /home/john/pebble-dev/PebbleSDK-2.9/Pebble/lib/libpebble.a(tmpycZPtxpebble.o)
 .text.bitmap_layer_get_bitmap
                0x0000000000000000        0xc /home/john/pebble-dev/PebbleSDK-2.9/Pebble/lib/libpebble.a(tmpycZPtxpebble.o)
 .text.window_get_click_config_context
                0x0000000000000000        0xc /home/john/pebble-dev/PebbleSDK-2.9/Pebble/lib/libpebble.a(tmpycZPtxpebble.o)
 .text.number_window_get_window
                0x0000000000000000        0xc /home/john/pebble-dev/PebbleSDK-2.9/Pebble/lib/libpebble.a(tmpycZPtxpebble.o)
 .text.realloc  0x0000000000000000        0xc /home/john/pebble-dev/PebbleSDK-2.9/Pebble/lib/libpebble.a(tmpycZPtxpebble.o)
 .text.gbitmap_create_blank
                0x0000000000000000        0xc /home/john/pebble-dev/PebbleSDK-2.9/Pebble/lib/libpebble.a(tmpycZPtxpebble.o)
 .text.click_recognizer_is_repeating
                0x0000000000000000        0xc /home/john/pebble-dev/PebbleSDK-2.9/Pebble/lib/libpebble.a(tmpycZPtxpebble.o)
 .text.accel_raw_data_service_subscribe
                0x0000000000000000        0xc /home/john/pebble-dev/PebbleSDK-2.9/Pebble/lib/libpebble.a(tmpycZPtxpebble.o)
 .text.app_worker_is_running
                0x0000000000000000        0xc /home/john/pebble-dev/PebbleSDK-2.9/Pebble/lib/libpebble.a(tmpycZPtxpebble.o)
 .text.app_worker_kill
                0x0000000000000000        0xc /home/john/pebble-dev/PebbleSDK-2.9/Pebble/lib/libpebble.a(tmpycZPtxpebble.o)
 .text.app_worker_launch
                0x0000000000000000        0xc /home/john/pebble-dev/PebbleSDK-2.9/Pebble/lib/libpebble.a(tmpycZPtxpebble.o)
 .text.app_worker_message_subscribe
                0x0000000000000000        0xc /home/john/pebble-dev/PebbleSDK-2.9/Pebble/lib/libpebble.a(tmpycZPtxpebble.o)
 .text.app_worker_message_unsubscribe
                0x0000000000000000        0xc /home/john/pebble-dev/PebbleSDK-2.9/Pebble/lib/libpebble.a(tmpycZPtxpebble.o)
 .text.app_worker_send_message
                0x0000000000000000        0xc /home/john/pebble-dev/PebbleSDK-2.9/Pebble/lib/libpebble.a(tmpycZPtxpebble.o)
 .text.worker_event_loop
                0x0000000000000000        0xc /home/john/pebble-dev/PebbleSDK-2.9/Pebble/lib/libpebble.a(tmpycZPtxpebble.o)
 .text.worker_launch_app
                0x0000000000000000        0xc /home/john/pebble-dev/PebbleSDK-2.9/Pebble/lib/libpebble.a(tmpycZPtxpebble.o)
 .text.heap_bytes_free
                0x0000000000000000        0xc /home/john/pebble-dev/PebbleSDK-2.9/Pebble/lib/libpebble.a(tmpycZPtxpebble.o)
 .text.heap_bytes_used
                0x0000000000000000        0xc /home/john/pebble-dev/PebbleSDK-2.9/Pebble/lib/libpebble.a(tmpycZPtxpebble.o)
 .text.compass_service_peek
                0x0000000000000000        0xc /home/john/pebble-dev/PebbleSDK-2.9/Pebble/lib/libpebble.a(tmpycZPtxpebble.o)
 .text.compass_service_set_heading_filter
                0x0000000000000000        0xc /home/john/pebble-dev/PebbleSDK-2.9/Pebble/lib/libpebble.a(tmpycZPtxpebble.o)
 .text.compass_service_subscribe
                0x0000000000000000        0xc /home/john/pebble-dev/PebbleSDK-2.9/Pebble/lib/libpebble.a(tmpycZPtxpebble.o)
 .text.compass_service_unsubscribe
                0x0000000000000000        0xc /home/john/pebble-dev/PebbleSDK-2.9/Pebble/lib/libpebble.a(tmpycZPtxpebble.o)
 .text.uuid_equal
                0x0000000000000000        0xc /home/john/pebble-dev/PebbleSDK-2.9/Pebble/lib/libpebble.a(tmpycZPtxpebble.o)
 .text.uuid_to_string
                0x0000000000000000        0xc /home/john/pebble-dev/PebbleSDK-2.9/Pebble/lib/libpebble.a(tmpycZPtxpebble.o)
 .text.gpath_draw_filled
                0x0000000000000000        0xc /home/john/pebble-dev/PebbleSDK-2.9/Pebble/lib/libpebble.a(tmpycZPtxpebble.o)
 .text.animation_set_custom_curve
                0x0000000000000000        0xc /home/john/pebble-dev/PebbleSDK-2.9/Pebble/lib/libpebble.a(tmpycZPtxpebble.o)
 .text.watch_info_get_color
                0x0000000000000000        0xc /home/john/pebble-dev/PebbleSDK-2.9/Pebble/lib/libpebble.a(tmpycZPtxpebble.o)
 .text.watch_info_get_firmware_version
                0x0000000000000000        0xc /home/john/pebble-dev/PebbleSDK-2.9/Pebble/lib/libpebble.a(tmpycZPtxpebble.o)
 .text.watch_info_get_model
                0x0000000000000000        0xc /home/john/pebble-dev/PebbleSDK-2.9/Pebble/lib/libpebble.a(tmpycZPtxpebble.o)
 .text.graphics_capture_frame_buffer
                0x0000000000000000        0xc /home/john/pebble-dev/PebbleSDK-2.9/Pebble/lib/libpebble.a(tmpycZPtxpebble.o)
 .text.graphics_frame_buffer_is_captured
                0x0000000000000000        0xc /home/john/pebble-dev/PebbleSDK-2.9/Pebble/lib/libpebble.a(tmpycZPtxpebble.o)
 .text.graphics_release_frame_buffer
                0x0000000000000000        0xc /home/john/pebble-dev/PebbleSDK-2.9/Pebble/lib/libpebble.a(tmpycZPtxpebble.o)
 .text.clock_to_timestamp
                0x0000000000000000        0xc /home/john/pebble-dev/PebbleSDK-2.9/Pebble/lib/libpebble.a(tmpycZPtxpebble.o)
 .text.launch_reason
                0x0000000000000000        0xc /home/john/pebble-dev/PebbleSDK-2.9/Pebble/lib/libpebble.a(tmpycZPtxpebble.o)
 .text.wakeup_cancel
                0x0000000000000000        0xc /home/john/pebble-dev/PebbleSDK-2.9/Pebble/lib/libpebble.a(tmpycZPtxpebble.o)
 .text.wakeup_cancel_all
                0x0000000000000000        0xc /home/john/pebble-dev/PebbleSDK-2.9/Pebble/lib/libpebble.a(tmpycZPtxpebble.o)
 .text.wakeup_get_launch_event
                0x0000000000000000        0xc /home/john/pebble-dev/PebbleSDK-2.9/Pebble/lib/libpebble.a(tmpycZPtxpebble.o)
 .text.wakeup_query
                0x0000000000000000        0xc /home/john/pebble-dev/PebbleSDK-2.9/Pebble/lib/libpebble.a(tmpycZPtxpebble.o)
 .text.wakeup_schedule
                0x0000000000000000        0xc /home/john/pebble-dev/PebbleSDK-2.9/Pebble/lib/libpebble.a(tmpycZPtxpebble.o)
 .text.wakeup_service_subscribe
                0x0000000000000000        0xc /home/john/pebble-dev/PebbleSDK-2.9/Pebble/lib/libpebble.a(tmpycZPtxpebble.o)
 .text.clock_is_timezone_set
                0x0000000000000000        0xc /home/john/pebble-dev/PebbleSDK-2.9/Pebble/lib/libpebble.a(tmpycZPtxpebble.o)
 .text.i18n_get_system_locale
                0x0000000000000000        0xc /home/john/pebble-dev/PebbleSDK-2.9/Pebble/lib/libpebble.a(tmpycZPtxpebble.o)
 .text._localeconv_r
                0x0000000000000000        0xc /home/john/pebble-dev/PebbleSDK-2.9/Pebble/lib/libpebble.a(tmpycZPtxpebble.o)
 .text.setlocale
                0x0000000000000000        0xc /home/john/pebble-dev/PebbleSDK-2.9/Pebble/lib/libpebble.a(tmpycZPtxpebble.o)
 .text.mktime   0x0000000000000000        0xc /home/john/pebble-dev/PebbleSDK-2.9/Pebble/lib/libpebble.a(tmpycZPtxpebble.o)
 .text          0x0000000000000000        0x0 /home/john/pebble-dev/PebbleSDK-2.9/arm-cs-tools/bin/../lib/gcc/arm-none-eabi/4.7.2/thumb2/crtend.o
 .bss           0x0000000000000000        0x0 /home/john/pebble-dev/PebbleSDK-2.9/arm-cs-tools/bin/../lib/gcc/arm-none-eabi/4.7.2/thumb2/crtend.o
 .eh_frame      0x0000000000000000        0x4 /home/john/pebble-dev/PebbleSDK-2.9/arm-cs-tools/bin/../lib/gcc/arm-none-eabi/4.7.2/thumb2/crtend.o
 .jcr           0x0000000000000000        0x4 /home/john/pebble-dev/PebbleSDK-2.9/arm-cs-tools/bin/../lib/gcc/arm-none-eabi/4.7.2/thumb2/crtend.o
 .tm_clone_table
                0x0000000000000000        0x0 /home/john/pebble-dev/PebbleSDK-2.9/arm-cs-tools/bin/../lib/gcc/arm-none-eabi/4.7.2/thumb2/crtend.o
 .text          0x0000000000000000        0x0 /home/john/pebble-dev/PebbleSDK-2.9/arm-cs-tools/bin/../lib/gcc/arm-none-eabi/4.7.2/thumb2/crtn.o
 .bss           0x0000000000000000        0x0 /home/john/pebble-dev/PebbleSDK-2.9/arm-cs-tools/bin/../lib/gcc/arm-none-eabi/4.7.2/thumb2/crtn.o
 .init          0x0000000000000000        0x8 /home/john/pebble-dev/PebbleSDK-2.9/arm-cs-tools/bin/../lib/gcc/arm-none-eabi/4.7.2/thumb2/crtn.o
 .fini          0x0000000000000000        0x8 /home/john/pebble-dev/PebbleSDK-2.9/arm-cs-tools/bin/../lib/gcc/arm-none-eabi/4.7.2/thumb2/crtn.o

Memory Configuration

Name             Origin             Length             Attributes
APP              0x0000000000000000 0x0000000000006000 xrw
*default*        0x0000000000000000 0xffffffffffffffff

Linker script and memory map

LOAD /home/john/pebble-dev/PebbleSDK-2.9/arm-cs-tools/bin/../lib/gcc/arm-none-eabi/4.7.2/thumb2/crti.o
LOAD /home/john/pebble-dev/PebbleSDK-2.9/arm-cs-tools/bin/../lib/gcc/arm-none-eabi/4.7.2/thumb2/crtbegin.o
LOAD src/card.c.13.o
LOAD src/feature_menu_layer.c.13.o
LOAD appinfo.auto.c.13.o
LOAD /home/john/pebble-dev/PebbleSDK-2.9/Pebble/lib/libpebble.a
START GROUP
LOAD /home/john/pebble-dev/PebbleSDK-2.9/arm-cs-tools/bin/../lib/gcc/arm-none-eabi/4.7.2/thumb2/libgcc.a
LOAD /home/john/pebble-dev/PebbleSDK-2.9/arm-cs-tools/bin/../lib/gcc/arm-none-eabi/4.7.2/../../../../arm-none-eabi/lib/thumb2/libc.a
END GROUP
LOAD /home/john/pebble-dev/PebbleSDK-2.9/arm-cs-tools/bin/../lib/gcc/arm-none-eabi/4.7.2/thumb2/crtend.o
LOAD /home/john/pebble-dev/PebbleSDK-2.9/arm-cs-tools/bin/../lib/gcc/arm-none-eabi/4.7.2/thumb2/crtn.o

.header         0x0000000000000000       0x82
 *(.pbl_header)
 .pbl_header    0x0000000000000000       0x82 appinfo.auto.c.13.o
                0x0000000000000000                __pbl_app_info

.text           0x0000000000000084      0xbe9
 *(.text)
 .text          0x0000000000000084       0x14 /home/john/pebble-dev/PebbleSDK-2.9/Pebble/lib/libpebble.a(tmpycZPtxpebble.o)
 *(.text.*)
 .text.window_appear
                0x0000000000000098       0x10 src/card.c.13.o
 .text.window_unload
                0x00000000000000a8       0x68 src/card.c.13.o
 .text.window_disappear
                0x0000000000000110       0x2c src/card.c.13.o
 .text.window_load
                0x000000000000013c      0x1b0 src/card.c.13.o
 .text.update_title_layer_callback
                0x00000000000002ec       0x64 src/card.c.13.o
 .text.layer_update_callback
                0x0000000000000350       0x80 src/card.c.13.o
 .text.show_card
                0x00000000000003d0       0x38 src/card.c.13.o
                0x00000000000003d0                show_card
 .text.update_card
                0x0000000000000408       0xfc src/card.c.13.o
                0x0000000000000408                update_card
 .text.card_init
                0x0000000000000504       0x38 src/card.c.13.o
                0x0000000000000504                card_init
 .text.card_deinit
                0x000000000000053c       0x10 src/card.c.13.o
                0x000000000000053c                card_deinit
 .text.menu_get_num_sections_callback
                0x000000000000054c        0x4 src/feature_menu_layer.c.13.o
 .text.menu_get_num_rows_callback
                0x0000000000000550        0xa src/feature_menu_layer.c.13.o
 .text.menu_get_header_height_callback
                0x000000000000055a        0x4 src/feature_menu_layer.c.13.o
 *fill*         0x000000000000055e        0x2 
 .text.sync_error_handler
                0x0000000000000560       0x18 src/feature_menu_layer.c.13.o
 .text.main_window_unload
                0x0000000000000578       0x30 src/feature_menu_layer.c.13.o
 .text.request_content
                0x00000000000005a8       0x34 src/feature_menu_layer.c.13.o
 .text.main_window_appear
                0x00000000000005dc       0x30 src/feature_menu_layer.c.13.o
 .text.main_window_load
                0x000000000000060c       0xd0 src/feature_menu_layer.c.13.o
 .text.menu_draw_header_callback
                0x00000000000006dc       0x10 src/feature_menu_layer.c.13.o
 .text.sync_changed_handler
                0x00000000000006ec       0x3c src/feature_menu_layer.c.13.o
 .text.menu_select_callback
                0x0000000000000728       0x68 src/feature_menu_layer.c.13.o
 .text.menu_draw_row_callback
                0x0000000000000790       0x74 src/feature_menu_layer.c.13.o
 .text.startup.main
                0x0000000000000804       0xec src/feature_menu_layer.c.13.o
                0x0000000000000804                main
 .text.app_event_loop
                0x00000000000008f0        0xc /home/john/pebble-dev/PebbleSDK-2.9/Pebble/lib/libpebble.a(tmpycZPtxpebble.o)
                0x00000000000008f0                app_event_loop
 .text.app_log  0x00000000000008fc        0xc /home/john/pebble-dev/PebbleSDK-2.9/Pebble/lib/libpebble.a(tmpycZPtxpebble.o)
                0x00000000000008fc                app_log
 .text.app_message_open
                0x0000000000000908        0xc /home/john/pebble-dev/PebbleSDK-2.9/Pebble/lib/libpebble.a(tmpycZPtxpebble.o)
                0x0000000000000908                app_message_open
 .text.app_sync_deinit
                0x0000000000000914        0xc /home/john/pebble-dev/PebbleSDK-2.9/Pebble/lib/libpebble.a(tmpycZPtxpebble.o)
                0x0000000000000914                app_sync_deinit
 .text.app_sync_init
                0x0000000000000920        0xc /home/john/pebble-dev/PebbleSDK-2.9/Pebble/lib/libpebble.a(tmpycZPtxpebble.o)
                0x0000000000000920                app_sync_init
 .text.dict_write_end
                0x000000000000092c        0xc /home/john/pebble-dev/PebbleSDK-2.9/Pebble/lib/libpebble.a(tmpycZPtxpebble.o)
                0x000000000000092c                dict_write_end
 .text.dict_write_int
                0x0000000000000938        0xc /home/john/pebble-dev/PebbleSDK-2.9/Pebble/lib/libpebble.a(tmpycZPtxpebble.o)
                0x0000000000000938                dict_write_int
 .text.fonts_get_system_font
                0x0000000000000944        0xc /home/john/pebble-dev/PebbleSDK-2.9/Pebble/lib/libpebble.a(tmpycZPtxpebble.o)
                0x0000000000000944                fonts_get_system_font
 .text.gbitmap_create_with_resource
                0x0000000000000950        0xc /home/john/pebble-dev/PebbleSDK-2.9/Pebble/lib/libpebble.a(tmpycZPtxpebble.o)
                0x0000000000000950                gbitmap_create_with_resource
 .text.gbitmap_destroy
                0x000000000000095c        0xc /home/john/pebble-dev/PebbleSDK-2.9/Pebble/lib/libpebble.a(tmpycZPtxpebble.o)
                0x000000000000095c                gbitmap_destroy
 .text.graphics_context_set_text_color
                0x0000000000000968        0xc /home/john/pebble-dev/PebbleSDK-2.9/Pebble/lib/libpebble.a(tmpycZPtxpebble.o)
                0x0000000000000968                graphics_context_set_text_color
 .text.graphics_draw_bitmap_in_rect
                0x0000000000000974        0xc /home/john/pebble-dev/PebbleSDK-2.9/Pebble/lib/libpebble.a(tmpycZPtxpebble.o)
                0x0000000000000974                graphics_draw_bitmap_in_rect
 .text.inverter_layer_create
                0x0000000000000980        0xc /home/john/pebble-dev/PebbleSDK-2.9/Pebble/lib/libpebble.a(tmpycZPtxpebble.o)
                0x0000000000000980                inverter_layer_create
 .text.inverter_layer_destroy
                0x000000000000098c        0xc /home/john/pebble-dev/PebbleSDK-2.9/Pebble/lib/libpebble.a(tmpycZPtxpebble.o)
                0x000000000000098c                inverter_layer_destroy
 .text.inverter_layer_get_layer
                0x0000000000000998        0xc /home/john/pebble-dev/PebbleSDK-2.9/Pebble/lib/libpebble.a(tmpycZPtxpebble.o)
                0x0000000000000998                inverter_layer_get_layer
 .text.layer_add_child
                0x00000000000009a4        0xc /home/john/pebble-dev/PebbleSDK-2.9/Pebble/lib/libpebble.a(tmpycZPtxpebble.o)
                0x00000000000009a4                layer_add_child
 .text.layer_create
                0x00000000000009b0        0xc /home/john/pebble-dev/PebbleSDK-2.9/Pebble/lib/libpebble.a(tmpycZPtxpebble.o)
                0x00000000000009b0                layer_create
 .text.layer_destroy
                0x00000000000009bc        0xc /home/john/pebble-dev/PebbleSDK-2.9/Pebble/lib/libpebble.a(tmpycZPtxpebble.o)
                0x00000000000009bc                layer_destroy
 .text.layer_get_frame
                0x00000000000009c8        0xc /home/john/pebble-dev/PebbleSDK-2.9/Pebble/lib/libpebble.a(tmpycZPtxpebble.o)
                0x00000000000009c8                layer_get_frame
 .text.layer_mark_dirty
                0x00000000000009d4        0xc /home/john/pebble-dev/PebbleSDK-2.9/Pebble/lib/libpebble.a(tmpycZPtxpebble.o)
                0x00000000000009d4                layer_mark_dirty
 .text.layer_set_update_proc
                0x00000000000009e0        0xc /home/john/pebble-dev/PebbleSDK-2.9/Pebble/lib/libpebble.a(tmpycZPtxpebble.o)
                0x00000000000009e0                layer_set_update_proc
 .text.memset   0x00000000000009ec        0xc /home/john/pebble-dev/PebbleSDK-2.9/Pebble/lib/libpebble.a(tmpycZPtxpebble.o)
                0x00000000000009ec                memset
 .text.menu_cell_basic_draw
                0x00000000000009f8        0xc /home/john/pebble-dev/PebbleSDK-2.9/Pebble/lib/libpebble.a(tmpycZPtxpebble.o)
                0x00000000000009f8                menu_cell_basic_draw
 .text.menu_cell_basic_header_draw
                0x0000000000000a04        0xc /home/john/pebble-dev/PebbleSDK-2.9/Pebble/lib/libpebble.a(tmpycZPtxpebble.o)
                0x0000000000000a04                menu_cell_basic_header_draw
 .text.menu_layer_create
                0x0000000000000a10        0xc /home/john/pebble-dev/PebbleSDK-2.9/Pebble/lib/libpebble.a(tmpycZPtxpebble.o)
                0x0000000000000a10                menu_layer_create
 .text.menu_layer_destroy
                0x0000000000000a1c        0xc /home/john/pebble-dev/PebbleSDK-2.9/Pebble/lib/libpebble.a(tmpycZPtxpebble.o)
                0x0000000000000a1c                menu_layer_destroy
 .text.menu_layer_get_layer
                0x0000000000000a28        0xc /home/john/pebble-dev/PebbleSDK-2.9/Pebble/lib/libpebble.a(tmpycZPtxpebble.o)
                0x0000000000000a28                menu_layer_get_layer
 .text.menu_layer_set_click_config_onto_window
                0x0000000000000a34        0xc /home/john/pebble-dev/PebbleSDK-2.9/Pebble/lib/libpebble.a(tmpycZPtxpebble.o)
                0x0000000000000a34                menu_layer_set_click_config_onto_window
 .text.scroll_layer_add_child
                0x0000000000000a40        0xc /home/john/pebble-dev/PebbleSDK-2.9/Pebble/lib/libpebble.a(tmpycZPtxpebble.o)
                0x0000000000000a40                scroll_layer_add_child
 .text.scroll_layer_create
                0x0000000000000a4c        0xc /home/john/pebble-dev/PebbleSDK-2.9/Pebble/lib/libpebble.a(tmpycZPtxpebble.o)
                0x0000000000000a4c                scroll_layer_create
 .text.scroll_layer_destroy
                0x0000000000000a58        0xc /home/john/pebble-dev/PebbleSDK-2.9/Pebble/lib/libpebble.a(tmpycZPtxpebble.o)
                0x0000000000000a58                scroll_layer_destroy
 .text.scroll_layer_get_layer
                0x0000000000000a64        0xc /home/john/pebble-dev/PebbleSDK-2.9/Pebble/lib/libpebble.a(tmpycZPtxpebble.o)
                0x0000000000000a64                scroll_layer_get_layer
 .text.scroll_layer_set_click_config_onto_window
                0x0000000000000a70        0xc /home/john/pebble-dev/PebbleSDK-2.9/Pebble/lib/libpebble.a(tmpycZPtxpebble.o)
                0x0000000000000a70                scroll_layer_set_click_config_onto_window
 .text.scroll_layer_set_content_size
                0x0000000000000a7c        0xc /home/john/pebble-dev/PebbleSDK-2.9/Pebble/lib/libpebble.a(tmpycZPtxpebble.o)
                0x0000000000000a7c                scroll_layer_set_content_size
 .text.snprintf
                0x0000000000000a88        0xc /home/john/pebble-dev/PebbleSDK-2.9/Pebble/lib/libpebble.a(tmpycZPtxpebble.o)
                0x0000000000000a88                snprintf
 .text.strcmp   0x0000000000000a94        0xc /home/john/pebble-dev/PebbleSDK-2.9/Pebble/lib/libpebble.a(tmpycZPtxpebble.o)
                0x0000000000000a94                strcmp
 .text.strcpy   0x0000000000000aa0        0xc /home/john/pebble-dev/PebbleSDK-2.9/Pebble/lib/libpebble.a(tmpycZPtxpebble.o)
                0x0000000000000aa0                strcpy
 .text.text_layer_create
                0x0000000000000aac        0xc /home/john/pebble-dev/PebbleSDK-2.9/Pebble/lib/libpebble.a(tmpycZPtxpebble.o)
                0x0000000000000aac                text_layer_create
 .text.text_layer_destroy
                0x0000000000000ab8        0xc /home/john/pebble-dev/PebbleSDK-2.9/Pebble/lib/libpebble.a(tmpycZPtxpebble.o)
                0x0000000000000ab8                text_layer_destroy
 .text.text_layer_get_content_size
                0x0000000000000ac4        0xc /home/john/pebble-dev/PebbleSDK-2.9/Pebble/lib/libpebble.a(tmpycZPtxpebble.o)
                0x0000000000000ac4                text_layer_get_content_size
 .text.text_layer_get_layer
                0x0000000000000ad0        0xc /home/john/pebble-dev/PebbleSDK-2.9/Pebble/lib/libpebble.a(tmpycZPtxpebble.o)
                0x0000000000000ad0                text_layer_get_layer
 .text.text_layer_set_font
                0x0000000000000adc        0xc /home/john/pebble-dev/PebbleSDK-2.9/Pebble/lib/libpebble.a(tmpycZPtxpebble.o)
                0x0000000000000adc                text_layer_set_font
 .text.text_layer_set_size
                0x0000000000000ae8        0xc /home/john/pebble-dev/PebbleSDK-2.9/Pebble/lib/libpebble.a(tmpycZPtxpebble.o)
                0x0000000000000ae8                text_layer_set_size
 .text.text_layer_set_text
                0x0000000000000af4        0xc /home/john/pebble-dev/PebbleSDK-2.9/Pebble/lib/libpebble.a(tmpycZPtxpebble.o)
                0x0000000000000af4                text_layer_set_text
 .text.vibes_short_pulse
                0x0000000000000b00        0xc /home/john/pebble-dev/PebbleSDK-2.9/Pebble/lib/libpebble.a(tmpycZPtxpebble.o)
                0x0000000000000b00                vibes_short_pulse
 .text.window_create
                0x0000000000000b0c        0xc /home/john/pebble-dev/PebbleSDK-2.9/Pebble/lib/libpebble.a(tmpycZPtxpebble.o)
                0x0000000000000b0c                window_create
 .text.window_destroy
                0x0000000000000b18        0xc /home/john/pebble-dev/PebbleSDK-2.9/Pebble/lib/libpebble.a(tmpycZPtxpebble.o)
                0x0000000000000b18                window_destroy
 .text.window_get_root_layer
                0x0000000000000b24        0xc /home/john/pebble-dev/PebbleSDK-2.9/Pebble/lib/libpebble.a(tmpycZPtxpebble.o)
                0x0000000000000b24                window_get_root_layer
 .text.window_set_window_handlers
                0x0000000000000b30        0xc /home/john/pebble-dev/PebbleSDK-2.9/Pebble/lib/libpebble.a(tmpycZPtxpebble.o)
                0x0000000000000b30                window_set_window_handlers
 .text.window_stack_push
                0x0000000000000b3c        0xc /home/john/pebble-dev/PebbleSDK-2.9/Pebble/lib/libpebble.a(tmpycZPtxpebble.o)
                0x0000000000000b3c                window_stack_push
 .text.app_message_inbox_size_maximum
                0x0000000000000b48        0xc /home/john/pebble-dev/PebbleSDK-2.9/Pebble/lib/libpebble.a(tmpycZPtxpebble.o)
                0x0000000000000b48                app_message_inbox_size_maximum
 .text.app_message_outbox_begin
                0x0000000000000b54        0xc /home/john/pebble-dev/PebbleSDK-2.9/Pebble/lib/libpebble.a(tmpycZPtxpebble.o)
                0x0000000000000b54                app_message_outbox_begin
 .text.app_message_outbox_send
                0x0000000000000b60        0xc /home/john/pebble-dev/PebbleSDK-2.9/Pebble/lib/libpebble.a(tmpycZPtxpebble.o)
                0x0000000000000b60                app_message_outbox_send
 .text.app_message_outbox_size_maximum
                0x0000000000000b6c        0xc /home/john/pebble-dev/PebbleSDK-2.9/Pebble/lib/libpebble.a(tmpycZPtxpebble.o)
                0x0000000000000b6c                app_message_outbox_size_maximum
 .text.graphics_draw_text
                0x0000000000000b78        0xc /home/john/pebble-dev/PebbleSDK-2.9/Pebble/lib/libpebble.a(tmpycZPtxpebble.o)
                0x0000000000000b78                graphics_draw_text
 .text.menu_layer_set_callbacks
                0x0000000000000b84        0xc /home/john/pebble-dev/PebbleSDK-2.9/Pebble/lib/libpebble.a(tmpycZPtxpebble.o)
                0x0000000000000b84                menu_layer_set_callbacks
 *(.rodata)
 .rodata        0x0000000000000b90        0x8 src/card.c.13.o
 *(.rodata*)
 .rodata.str1.1
                0x0000000000000b98       0x37 src/card.c.13.o
 .rodata.str1.1
                0x0000000000000bcf       0x9e src/feature_menu_layer.c.13.o
                                         0xbf (size before relaxing)

.glue_7         0x0000000000000c70        0x0
 .glue_7        0x0000000000000000        0x0 linker stubs

.glue_7t        0x0000000000000c70        0x0
 .glue_7t       0x0000000000000000        0x0 linker stubs

.vfp11_veneer   0x0000000000000c70        0x0
 .vfp11_veneer  0x0000000000000000        0x0 linker stubs

.v4_bx          0x0000000000000c70        0x0
 .v4_bx         0x0000000000000000        0x0 linker stubs

.iplt           0x0000000000000c70        0x0
 .iplt          0x0000000000000000        0x0 /home/john/pebble-dev/PebbleSDK-2.9/arm-cs-tools/bin/../lib/gcc/arm-none-eabi/4.7.2/thumb2/crtbegin.o

.rel.dyn        0x0000000000000c70        0x0
 .rel.iplt      0x0000000000000000        0x0 /home/john/pebble-dev/PebbleSDK-2.9/arm-cs-tools/bin/../lib/gcc/arm-none-eabi/4.7.2/thumb2/crtbegin.o

.data           0x0000000000000c70      0x816
 *(.data)
 .data          0x0000000000000c70        0x0 /home/john/pebble-dev/PebbleSDK-2.9/arm-cs-tools/bin/../lib/gcc/arm-none-eabi/4.7.2/thumb2/crti.o
 .data          0x0000000000000c70        0x4 /home/john/pebble-dev/PebbleSDK-2.9/arm-cs-tools/bin/../lib/gcc/arm-none-eabi/4.7.2/thumb2/crtbegin.o
                0x0000000000000c70                __dso_handle
 .data          0x0000000000000c74       0x10 src/card.c.13.o
 .data          0x0000000000000c84        0x0 src/feature_menu_layer.c.13.o
 .data          0x0000000000000c84        0x0 appinfo.auto.c.13.o
 .data          0x0000000000000c84        0x0 /home/john/pebble-dev/PebbleSDK-2.9/Pebble/lib/libpebble.a(tmpycZPtxpebble.o)
 .data          0x0000000000000c84        0x0 /home/john/pebble-dev/PebbleSDK-2.9/arm-cs-tools/bin/../lib/gcc/arm-none-eabi/4.7.2/thumb2/crtend.o
 .data          0x0000000000000c84        0x0 /home/john/pebble-dev/PebbleSDK-2.9/arm-cs-tools/bin/../lib/gcc/arm-none-eabi/4.7.2/thumb2/crtn.o
 *(.data.*)
 .data.s_title_text
                0x0000000000000c84       0x32 src/card.c.13.o
 .data.s_scroll_text
                0x0000000000000cb6      0x7d0 src/card.c.13.o

.igot.plt       0x0000000000001488        0x0
 .igot.plt      0x0000000000000000        0x0 /home/john/pebble-dev/PebbleSDK-2.9/arm-cs-tools/bin/../lib/gcc/arm-none-eabi/4.7.2/thumb2/crtbegin.o

.bss            0x0000000000001488      0xc30
 *(.bss)
 *(.bss.*)
 .bss.showing   0x0000000000001488        0x4 src/card.c.13.o
                0x0000000000001488                showing
 .bss.s_text_layer
                0x000000000000148c        0x4 src/card.c.13.o
 .bss.haveData  0x0000000000001490        0x4 src/card.c.13.o
                0x0000000000001490                haveData
 .bss.title_layer
                0x0000000000001494        0x4 src/card.c.13.o
 .bss.s_scroll_layer
                0x0000000000001498        0x4 src/card.c.13.o
 .bss.player_window
                0x000000000000149c        0x4 src/card.c.13.o
 .bss.s_image_player
                0x00000000000014a0        0x4 src/card.c.13.o
 .bss.s_image_load
                0x00000000000014a4        0x4 src/card.c.13.o
 .bss.s_image_layer
                0x00000000000014a8        0x4 src/card.c.13.o
 .bss.s_inverter_layer
                0x00000000000014ac        0x4 src/card.c.13.o
 .bss.s_sync_buffer
                0x00000000000014b0      0x400 src/feature_menu_layer.c.13.o
 .bss.s_menu_icons
                0x00000000000018b0        0xc src/feature_menu_layer.c.13.o
 .bss.s_sync    0x00000000000018bc       0x20 src/feature_menu_layer.c.13.o
 .bss.activeWindow
                0x00000000000018dc        0x4 src/feature_menu_layer.c.13.o
                0x00000000000018dc                activeWindow
 .bss.s_count_buffer.6671
                0x00000000000018e0      0x7d0 src/feature_menu_layer.c.13.o
 .bss.s_menu_layer
                0x00000000000020b0        0x4 src/feature_menu_layer.c.13.o
 .bss.s_main_window
                0x00000000000020b4        0x4 src/feature_menu_layer.c.13.o

DISCARD
 libc.a(*)
 libm.a(*)
 libgcc.a(*)
 *(.eh_frame)
OUTPUT(/home/john/pebble-dev/misfit-chat/build/pebble-app.elf elf32-littlearm)

.ARM.attributes
                0x0000000000000000       0x27
 .ARM.attributes
                0x0000000000000000       0x19 /home/john/pebble-dev/PebbleSDK-2.9/arm-cs-tools/bin/../lib/gcc/arm-none-eabi/4.7.2/thumb2/crti.o
 .ARM.attributes
                0x0000000000000019       0x29 /home/john/pebble-dev/PebbleSDK-2.9/arm-cs-tools/bin/../lib/gcc/arm-none-eabi/4.7.2/thumb2/crtbegin.o
 .ARM.attributes
                0x0000000000000042       0x33 src/card.c.13.o
 .ARM.attributes
                0x0000000000000075       0x33 src/feature_menu_layer.c.13.o
 .ARM.attributes
                0x00000000000000a8       0x33 appinfo.auto.c.13.o
 .ARM.attributes
                0x00000000000000db       0x21 /home/john/pebble-dev/PebbleSDK-2.9/Pebble/lib/libpebble.a(tmpycZPtxpebble.o)
 .ARM.attributes
                0x00000000000000fc       0x29 /home/john/pebble-dev/PebbleSDK-2.9/arm-cs-tools/bin/../lib/gcc/arm-none-eabi/4.7.2/thumb2/crtend.o
 .ARM.attributes
                0x0000000000000125       0x19 /home/john/pebble-dev/PebbleSDK-2.9/arm-cs-tools/bin/../lib/gcc/arm-none-eabi/4.7.2/thumb2/crtn.o

.comment        0x0000000000000000       0x4e
 .comment       0x0000000000000000       0x4e /home/john/pebble-dev/PebbleSDK-2.9/arm-cs-tools/bin/../lib/gcc/arm-none-eabi/4.7.2/thumb2/crtbegin.o
                                         0x4f (size before relaxing)
 .comment       0x0000000000000000       0x4f src/card.c.13.o
 .comment       0x0000000000000000       0x4f src/feature_menu_layer.c.13.o
 .comment       0x0000000000000000       0x4f appinfo.auto.c.13.o
 .comment       0x0000000000000000       0x4f /home/john/pebble-dev/PebbleSDK-2.9/arm-cs-tools/bin/../lib/gcc/arm-none-eabi/4.7.2/thumb2/crtend.o

.debug_info     0x0000000000000000     0x284c
 .debug_info    0x0000000000000000      0xea4 src/card.c.13.o
 .debug_info    0x0000000000000ea4     0x1688 src/feature_menu_layer.c.13.o
 .debug_info    0x000000000000252c      0x320 appinfo.auto.c.13.o

.debug_abbrev   0x0000000000000000      0x7bb
 .debug_abbrev  0x0000000000000000      0x363 src/card.c.13.o
 .debug_abbrev  0x0000000000000363      0x3ba src/feature_menu_layer.c.13.o
 .debug_abbrev  0x000000000000071d       0x9e appinfo.auto.c.13.o

.debug_loc      0x0000000000000000      0x942
 .debug_loc     0x0000000000000000      0x337 src/card.c.13.o
 .debug_loc     0x0000000000000337      0x60b src/feature_menu_layer.c.13.o

.debug_aranges  0x0000000000000000      0x100
 .debug_aranges
                0x0000000000000000       0x68 src/card.c.13.o
 .debug_aranges
                0x0000000000000068       0x80 src/feature_menu_layer.c.13.o
 .debug_aranges
                0x00000000000000e8       0x18 appinfo.auto.c.13.o

.debug_ranges   0x0000000000000000      0x138
 .debug_ranges  0x0000000000000000       0x58 src/card.c.13.o
 .debug_ranges  0x0000000000000058       0xe0 src/feature_menu_layer.c.13.o

.debug_line     0x0000000000000000      0x6ae
 .debug_line    0x0000000000000000      0x274 src/card.c.13.o
 .debug_line    0x0000000000000274      0x322 src/feature_menu_layer.c.13.o
 .debug_line    0x0000000000000596      0x118 appinfo.auto.c.13.o

.debug_str      0x0000000000000000     0x115c
 .debug_str     0x0000000000000000      0x70b src/card.c.13.o
                                        0x7ef (size before relaxing)
 .debug_str     0x000000000000070b      0x8fa src/feature_menu_layer.c.13.o
                                        0xc97 (size before relaxing)
 .debug_str     0x0000000000001005      0x157 appinfo.auto.c.13.o
                                        0x2e2 (size before relaxing)

.debug_frame    0x0000000000000000      0x24c
 .debug_frame   0x0000000000000000      0x104 src/card.c.13.o
 .debug_frame   0x0000000000000104      0x148 src/feature_menu_layer.c.13.o
